// Jest Snapshot v1, https://goo.gl/fbAQLP

exports[`<Loading/> checks for the releaseBody 1`] = `null`;
