// Jest Snapshot v1, https://goo.gl/fbAQLP

exports[`<Player/> renders Player with bunny video 1`] = `undefined`;
